../Core/Src/main.c:93:6:HAL_TIM_PeriodElapsedCallback	16	static
../Core/Src/main.c:102:6:MPU6050_Init	32	static
../Core/Src/main.c:125:6:MPU6050_Read_Accel	4	static
../Core/Src/main.c:136:6:MPU6050_Read_Gyro	8	static
../Core/Src/main.c:147:6:HAL_GPIO_EXTI_Callback	16	static
../Core/Src/main.c:153:6:HAL_I2C_MemRxCpltCallback	24	static
../Core/Src/main.c:174:5:main	96	static
../Core/Src/main.c:243:6:SystemClock_Config	96	static
../Core/Src/main.c:293:13:MX_I2C1_Init	8	static
../Core/Src/main.c:341:13:MX_TIM2_Init	48	static
../Core/Src/main.c:389:13:MX_TIM3_Init	48	static
../Core/Src/main.c:437:13:MX_USART2_UART_Init	8	static
../Core/Src/main.c:472:13:MX_GPIO_Init	48	static
../Core/Src/main.c:522:6:Error_Handler	4	static,ignoring_inline_asm
