../Core/Src/main.c:91:6:HAL_TIM_PeriodElapsedCallback	16	static
../Core/Src/main.c:98:6:MPU6050_Init	32	static
../Core/Src/main.c:121:6:MPU6050_Read_Accel	4	static
../Core/Src/main.c:132:6:MPU6050_Read_Gyro	8	static
../Core/Src/main.c:143:6:HAL_GPIO_EXTI_Callback	16	static
../Core/Src/main.c:149:6:HAL_I2C_MemRxCpltCallback	24	static
../Core/Src/main.c:170:5:main	96	static
../Core/Src/main.c:232:6:SystemClock_Config	96	static
../Core/Src/main.c:282:13:MX_I2C1_Init	8	static
../Core/Src/main.c:330:13:MX_TIM3_Init	48	static
../Core/Src/main.c:378:13:MX_USART2_UART_Init	8	static
../Core/Src/main.c:413:13:MX_GPIO_Init	48	static
../Core/Src/main.c:466:6:Error_Handler	4	static,ignoring_inline_asm
